// Jest Snapshot v1, https://goo.gl/fbAQLP

exports[`LangSelect check LangSelect snapshot 1`] = `
<form>
  <select>
    <option
      value="Eng"
    >
      Eng
    </option>
    <option
      value="Rus"
    >
      Rus
    </option>
  </select>
</form>
`;
