// Jest Snapshot v1, https://goo.gl/fbAQLP

exports[`ShopWindow should ShopWindow not changed 1`] = `null`;
