// Jest Snapshot v1, https://goo.gl/fbAQLP

exports[`NotFound should NotFound not changed 1`] = `null`;
