// Jest Snapshot v1, https://goo.gl/fbAQLP

exports[`App should App not changed 1`] = `null`;
